// Jest Snapshot v1, https://goo.gl/fbAQLP

exports[`matches snapshot 1`] = `
<Register
  auth={
    Object {
      "isAuthenticated": false,
    }
  }
  errors={Object {}}
  history={
    Object {
      "push": [Function],
    }
  }
  registerUser={[Function]}
>
  <div
    className="register pt-5"
    style={
      Object {
        "minHeight": "100vh",
        "paddingTop": "7em",
      }
    }
  >
    <div
      className="container"
    >
      <div
        className="row"
      >
        <div
          className="col-md-8 m-auto"
        >
          <h1
            className="display-4 text-center"
          >
            Sign Up
          </h1>
          <p
            className="lead text-center"
          >
            Create your DevConnector account
          </p>
          <form
            action="create-profile.html"
            noValidate={true}
            onSubmit={[Function]}
          >
            <TextFieldGroup
              disabled={null}
              error={null}
              info={null}
              name="name"
              onChange={[Function]}
              placeholder="Name"
              type="text"
              value=""
            >
              <div
                className="form-group"
              >
                <input
                  className="form-control form-control-lg"
                  disabled={null}
                  name="name"
                  onChange={[Function]}
                  placeholder="Name"
                  type="text"
                  value=""
                />
              </div>
            </TextFieldGroup>
            <TextFieldGroup
              disabled={null}
              error={null}
              info="This site uses Gravatar so if you want a profile image, use a Gravatar email"
              name="email"
              onChange={[Function]}
              placeholder="Email Address"
              type="email"
              value=""
            >
              <div
                className="form-group"
              >
                <input
                  className="form-control form-control-lg"
                  disabled={null}
                  name="email"
                  onChange={[Function]}
                  placeholder="Email Address"
                  type="email"
                  value=""
                />
                <small
                  className="form-text text-muted"
                >
                  This site uses Gravatar so if you want a profile image, use a Gravatar email
                </small>
              </div>
            </TextFieldGroup>
            <TextFieldGroup
              disabled={null}
              error={null}
              info={null}
              name="password"
              onChange={[Function]}
              placeholder="Password"
              type="password"
              value=""
            >
              <div
                className="form-group"
              >
                <input
                  className="form-control form-control-lg"
                  disabled={null}
                  name="password"
                  onChange={[Function]}
                  placeholder="Password"
                  type="password"
                  value=""
                />
              </div>
            </TextFieldGroup>
            <TextFieldGroup
              disabled={null}
              error={null}
              info={null}
              name="password2"
              onChange={[Function]}
              placeholder="Confirm password"
              type="password"
              value=""
            >
              <div
                className="form-group"
              >
                <input
                  className="form-control form-control-lg"
                  disabled={null}
                  name="password2"
                  onChange={[Function]}
                  placeholder="Confirm password"
                  type="password"
                  value=""
                />
              </div>
            </TextFieldGroup>
            <input
              className="btn btn-info btn-block mt-4"
              type="submit"
            />
          </form>
        </div>
      </div>
    </div>
  </div>
</Register>
`;
