// Jest Snapshot v1, https://goo.gl/fbAQLP

exports[`matches snapshot 1`] = `
<div
  className="row"
>
  <div
    className="col-md-6"
  >
    <h3
      className="text-center text-info"
    >
      Experience
    </h3>
    <ul
      className="list-group"
      data-experience={true}
    >
      <li
        className="list-group-item"
        key="id"
      >
        <h4>
          company
        </h4>
        <p>
          <t
            ago={false}
            calendar={false}
            decimal={false}
            element="time"
            filter={[Function]}
            format="YYYY/MM/DD"
            fromNow={false}
            interval={60000}
            onChange={[Function]}
            titleFormat=""
            toNow={false}
            unit={null}
            unix={false}
            utc={false}
            withTitle={false}
          >
            from
          </t>
           -
          <t
            ago={false}
            calendar={false}
            data-to={true}
            decimal={false}
            element="time"
            filter={[Function]}
            format="YYYY/MM/DD"
            fromNow={false}
            interval={60000}
            onChange={[Function]}
            titleFormat=""
            toNow={false}
            unit={null}
            unix={false}
            utc={false}
            withTitle={false}
          >
            to
          </t>
        </p>
        <p>
          <strong>
            Position: 
          </strong>
          title
        </p>
        <p>
          <span
            data-location={true}
          >
            <strong>
              Location: 
            </strong>
            location
          </span>
        </p>
        <p>
          <span
            data-description={true}
          >
            <strong>
              Description: 
            </strong>
            description
          </span>
        </p>
      </li>
    </ul>
  </div>
  <div
    className="col-md-6"
  >
    <h3
      className="text-center text-info"
    >
      Education
    </h3>
    <ul
      className="list-group"
      data-education={true}
    >
      <li
        className="list-group-item"
        key="id"
      >
        <h4>
          school
        </h4>
        <p>
          <t
            ago={false}
            calendar={false}
            decimal={false}
            element="time"
            filter={[Function]}
            format="YYYY/MM/DD"
            fromNow={false}
            interval={60000}
            onChange={[Function]}
            titleFormat=""
            toNow={false}
            unit={null}
            unix={false}
            utc={false}
            withTitle={false}
          >
            from
          </t>
           -
          <t
            ago={false}
            calendar={false}
            decimal={false}
            element="time"
            filter={[Function]}
            format="YYYY/MM/DD"
            fromNow={false}
            interval={60000}
            onChange={[Function]}
            titleFormat=""
            toNow={false}
            unit={null}
            unix={false}
            utc={false}
            withTitle={false}
          >
            to
          </t>
        </p>
        <p>
          <strong>
            Degree: 
          </strong>
          degree
        </p>
        <p>
          <strong>
            Field Of Study: 
          </strong>
          field
        </p>
        <p>
          <span
            data-description={true}
          >
            <strong>
              Description: 
            </strong>
            description
          </span>
        </p>
      </li>
    </ul>
  </div>
</div>
`;
